{
  "version": "1.5.0",
  "plugins_used": [
    {
      "name": "ArtifactoryDetector"
    },
    {
      "name": "AWSKeyDetector"
    },
    {
      "name": "AzureStorageKeyDetector"
    },
    {
      "name": "Base64HighEntropyString",
      "limit": 4.5
    },
    {
      "name": "BasicAuthDetector"
    },
    {
      "name": "CloudantDetector"
    },
    {
      "name": "DiscordBotTokenDetector"
    },
    {
      "name": "GitHubTokenDetector"
    },
    {
      "name": "GitLabTokenDetector"
    },
    {
      "name": "HexHighEntropyString",
      "limit": 3.0
    },
    {
      "name": "IbmCloudIamDetector"
    },
    {
      "name": "IbmCosHmacDetector"
    },
    {
      "name": "IPPublicDetector"
    },
    {
      "name": "JwtTokenDetector"
    },
    {
      "name": "KeywordDetector",
      "keyword_exclude": ""
    },
    {
      "name": "MailchimpDetector"
    },
    {
      "name": "NpmDetector"
    },
    {
      "name": "OpenAIDetector"
    },
    {
      "name": "PrivateKeyDetector"
    },
    {
      "name": "PypiTokenDetector"
    },
    {
      "name": "SendGridDetector"
    },
    {
      "name": "SlackDetector"
    },
    {
      "name": "SoftlayerDetector"
    },
    {
      "name": "SquareOAuthDetector"
    },
    {
      "name": "StripeDetector"
    },
    {
      "name": "TelegramBotTokenDetector"
    },
    {
      "name": "TwilioKeyDetector"
    }
  ],
  "filters_used": [
    {
      "path": "detect_secrets.filters.allowlist.is_line_allowlisted"
    },
    {
      "path": "detect_secrets.filters.common.is_ignored_due_to_verification_policies",
      "min_level": 2
    },
    {
      "path": "detect_secrets.filters.heuristic.is_indirect_reference"
    },
    {
      "path": "detect_secrets.filters.heuristic.is_likely_id_string"
    },
    {
      "path": "detect_secrets.filters.heuristic.is_lock_file"
    },
    {
      "path": "detect_secrets.filters.heuristic.is_not_alphanumeric_string"
    },
    {
      "path": "detect_secrets.filters.heuristic.is_potential_uuid"
    },
    {
      "path": "detect_secrets.filters.heuristic.is_prefixed_with_dollar_sign"
    },
    {
      "path": "detect_secrets.filters.heuristic.is_sequential_string"
    },
    {
      "path": "detect_secrets.filters.heuristic.is_swagger_file"
    },
    {
      "path": "detect_secrets.filters.heuristic.is_templated_secret"
    }
  ],
  "results": {
    "auth-service/src/main/kotlin/com/lcaohoanq/authservice/components/JwtTokenUtils.kt": [
      {
        "type": "Base64 High Entropy String",
        "filename": "auth-service/src/main/kotlin/com/lcaohoanq/authservice/components/JwtTokenUtils.kt",
        "hashed_secret": "3c520b7b06991d8dd29ba07e65713f90629ca476",
        "is_verified": false,
        "line_number": 57
      }
    ],
    "auth-service/src/main/resources/application-docker.yaml": [
      {
        "type": "Secret Keyword",
        "filename": "auth-service/src/main/resources/application-docker.yaml",
        "hashed_secret": "5baa61e4c9b93f3f0682250b6cf8331b7ee68fd8",
        "is_verified": false,
        "line_number": 24
      },
      {
        "type": "Secret Keyword",
        "filename": "auth-service/src/main/resources/application-docker.yaml",
        "hashed_secret": "212229220abfab5db8fed42dc267df7478f39d17",
        "is_verified": false,
        "line_number": 66
      }
    ],
    "auth-service/src/main/resources/application-test.yml": [
      {
        "type": "Secret Keyword",
        "filename": "auth-service/src/main/resources/application-test.yml",
        "hashed_secret": "5baa61e4c9b93f3f0682250b6cf8331b7ee68fd8",
        "is_verified": false,
        "line_number": 24
      },
      {
        "type": "Secret Keyword",
        "filename": "auth-service/src/main/resources/application-test.yml",
        "hashed_secret": "af4556b554225a428ff190ea854e477da734f80f",
        "is_verified": false,
        "line_number": 65
      }
    ],
    "chat-service/docker/docker-compose-dev.yml": [
      {
        "type": "Secret Keyword",
        "filename": "chat-service/docker/docker-compose-dev.yml",
        "hashed_secret": "378f6cdfb9397422cc9b8d39c2d9e329a95230b8",
        "is_verified": false,
        "line_number": 11
      },
      {
        "type": "Secret Keyword",
        "filename": "chat-service/docker/docker-compose-dev.yml",
        "hashed_secret": "5baa61e4c9b93f3f0682250b6cf8331b7ee68fd8",
        "is_verified": false,
        "line_number": 25
      }
    ],
    "chat-service/src/main/resources/application-prod.yaml": [
      {
        "type": "Secret Keyword",
        "filename": "chat-service/src/main/resources/application-prod.yaml",
        "hashed_secret": "f47b522b805b4aaafe072fe55f8cf7ce83979010",
        "is_verified": false,
        "line_number": 19
      }
    ],
    "http/auth.http": [
      {
        "type": "Secret Keyword",
        "filename": "http/auth.http",
        "hashed_secret": "ecb252044b5ea0f679ee78ec1a12904739e2904d",
        "is_verified": false,
        "line_number": 19
      }
    ],
    "http/user.http": [
      {
        "type": "JSON Web Token",
        "filename": "http/user.http",
        "hashed_secret": "e380a9e53cd2a8f331690bdb55242bdbabd6a435",
        "is_verified": false,
        "line_number": 2
      }
    ],
    "notification-service/src/main/resources/application-docker.yml": [
      {
        "type": "Secret Keyword",
        "filename": "notification-service/src/main/resources/application-docker.yml",
        "hashed_secret": "5baa61e4c9b93f3f0682250b6cf8331b7ee68fd8",
        "is_verified": false,
        "line_number": 15
      },
      {
        "type": "Secret Keyword",
        "filename": "notification-service/src/main/resources/application-docker.yml",
        "hashed_secret": "0907c819a8aed4d7b4aeaff8f795e2a6330b9be1",
        "is_verified": false,
        "line_number": 32
      }
    ],
    "notification-service/src/main/resources/application.yml": [
      {
        "type": "Secret Keyword",
        "filename": "notification-service/src/main/resources/application.yml",
        "hashed_secret": "5baa61e4c9b93f3f0682250b6cf8331b7ee68fd8",
        "is_verified": false,
        "line_number": 15
      },
      {
        "type": "Secret Keyword",
        "filename": "notification-service/src/main/resources/application.yml",
        "hashed_secret": "0907c819a8aed4d7b4aeaff8f795e2a6330b9be1",
        "is_verified": false,
        "line_number": 32
      }
    ],
    "product-service/src/main/resources/application.yml": [
      {
        "type": "Secret Keyword",
        "filename": "product-service/src/main/resources/application.yml",
        "hashed_secret": "5baa61e4c9b93f3f0682250b6cf8331b7ee68fd8",
        "is_verified": false,
        "line_number": 24
      }
    ],
    "react-client/public/mockServiceWorker.js": [
      {
        "type": "Hex High Entropy String",
        "filename": "react-client/public/mockServiceWorker.js",
        "hashed_secret": "5624b8fa354777b085cfcc69e6d247c59b12e76b",
        "is_verified": false,
        "line_number": 12
      }
    ],
    "react-client/src/msw/auth.msw.ts": [
      {
        "type": "JSON Web Token",
        "filename": "react-client/src/msw/auth.msw.ts",
        "hashed_secret": "e572339bd791be173bc48ac01e1e8d20dce11140",
        "is_verified": false,
        "line_number": 9
      },
      {
        "type": "JSON Web Token",
        "filename": "react-client/src/msw/auth.msw.ts",
        "hashed_secret": "deefdcd5d49fc49bb35634a365bf6b16d4d8abc2",
        "is_verified": false,
        "line_number": 11
      },
      {
        "type": "JSON Web Token",
        "filename": "react-client/src/msw/auth.msw.ts",
        "hashed_secret": "772b898e89f9507192b94dce16ef115aeab22fdf",
        "is_verified": false,
        "line_number": 13
      },
      {
        "type": "JSON Web Token",
        "filename": "react-client/src/msw/auth.msw.ts",
        "hashed_secret": "c235c471f09acca7c86af95fa40b43bafb8b3960",
        "is_verified": false,
        "line_number": 18
      },
      {
        "type": "JSON Web Token",
        "filename": "react-client/src/msw/auth.msw.ts",
        "hashed_secret": "480c6392ddd0d22fcd8c855a56cc0b16bb1a637f",
        "is_verified": false,
        "line_number": 21
      },
      {
        "type": "JSON Web Token",
        "filename": "react-client/src/msw/auth.msw.ts",
        "hashed_secret": "ae1aa563b36f2e2dcef772ec01a3fa1e6ed0a098",
        "is_verified": false,
        "line_number": 40
      },
      {
        "type": "Secret Keyword",
        "filename": "react-client/src/msw/auth.msw.ts",
        "hashed_secret": "cf60b2b865d4a83696a206454eef5ce1f33d829b",
        "is_verified": false,
        "line_number": 66
      }
    ],
    "react-client/src/utils/__test__/auth.test.ts": [
      {
        "type": "JSON Web Token",
        "filename": "react-client/src/utils/__test__/auth.test.ts",
        "hashed_secret": "6a5cebe84ff1c09f6688a1a3c7968b5d8c4945a5",
        "is_verified": false,
        "line_number": 5
      },
      {
        "type": "JSON Web Token",
        "filename": "react-client/src/utils/__test__/auth.test.ts",
        "hashed_secret": "07ffbd17f59a6867e68fc01bbc7c551644fc8030",
        "is_verified": false,
        "line_number": 8
      }
    ],
    "react-client/src/utils/__test__/http.test.ts": [
      {
        "type": "Secret Keyword",
        "filename": "react-client/src/utils/__test__/http.test.ts",
        "hashed_secret": "f6d053374c2f3e37c686201a40365e1250f6da11",
        "is_verified": false,
        "line_number": 27
      }
    ],
    "stores/data/tokens.sql": [
      {
        "type": "JSON Web Token",
        "filename": "stores/data/tokens.sql",
        "hashed_secret": "21d74aa8bce966fd704d3de044e6158cd3f57c85",
        "is_verified": false,
        "line_number": 1
      },
      {
        "type": "JSON Web Token",
        "filename": "stores/data/tokens.sql",
        "hashed_secret": "f99bd1e5eafa9a610127ac8b793e7c87c2df460f",
        "is_verified": false,
        "line_number": 2
      },
      {
        "type": "JSON Web Token",
        "filename": "stores/data/tokens.sql",
        "hashed_secret": "4097331a20e16ee024410b32ac0681dd4f839573",
        "is_verified": false,
        "line_number": 3
      },
      {
        "type": "JSON Web Token",
        "filename": "stores/data/tokens.sql",
        "hashed_secret": "a02c82df3136296ca917ba4c7612d7658ad89dc3",
        "is_verified": false,
        "line_number": 4
      },
      {
        "type": "JSON Web Token",
        "filename": "stores/data/tokens.sql",
        "hashed_secret": "ed51a59de824abbda9fd858fc6916263cc012dbc",
        "is_verified": false,
        "line_number": 5
      },
      {
        "type": "JSON Web Token",
        "filename": "stores/data/tokens.sql",
        "hashed_secret": "cb097adac86666332ced88311d048563f9ac554a",
        "is_verified": false,
        "line_number": 6
      },
      {
        "type": "JSON Web Token",
        "filename": "stores/data/tokens.sql",
        "hashed_secret": "f4d3e7d24735867a5c3cdf306cc7986e01a8cec6",
        "is_verified": false,
        "line_number": 7
      },
      {
        "type": "JSON Web Token",
        "filename": "stores/data/tokens.sql",
        "hashed_secret": "f6d35cb668e58517544ba47648757b460a29bdd0",
        "is_verified": false,
        "line_number": 8
      },
      {
        "type": "JSON Web Token",
        "filename": "stores/data/tokens.sql",
        "hashed_secret": "a7bbfb0d3529177b9f6632fb20d93bd500ddfcd7",
        "is_verified": false,
        "line_number": 9
      },
      {
        "type": "JSON Web Token",
        "filename": "stores/data/tokens.sql",
        "hashed_secret": "2a9ceada4eb62d35b671a7e76c9be360db6e0d59",
        "is_verified": false,
        "line_number": 10
      },
      {
        "type": "JSON Web Token",
        "filename": "stores/data/tokens.sql",
        "hashed_secret": "000b7007560957f9ccc2d833b06d9de5b622fbbd",
        "is_verified": false,
        "line_number": 11
      },
      {
        "type": "JSON Web Token",
        "filename": "stores/data/tokens.sql",
        "hashed_secret": "5f8d3e6abeedc7fbf614550b5c031230fa9e475d",
        "is_verified": false,
        "line_number": 12
      }
    ]
  },
  "generated_at": "2025-04-26T14:35:52Z"
}
